{"level":"INFO","ts":"2024-05-15T20:29:42.437+0800","caller":"yang1/main.go:41","msg":"Success..","statusCode":"200 OK","url":"https://www.baidu.com"}
